
=== START 2026-08-21T14:37:01.846Z ===
deleted: _commit.log
deleted: _commit.mjs
deleted: _findgit.mjs
deleted: _getcommand.txt
deleted: _wheregit.txt
deleted: app/=1000
$ git remote -v
origin	ssh://git@ssh.github.com:443/863683348/dsh-plugin-quality-hub.git (fetch)
origin	ssh://git@ssh.github.com:443/863683348/dsh-plugin-quality-hub.git (push)

$ git branch -vv
* main 2354b9b [origin/main: ahead 33] feat: SEO optimization + ecosystem insights

$ git status --short
 D _commit.log
 D _commit.mjs
 D _findgit.mjs
 D _getcommand.txt
 D _wheregit.txt
 D app/=1000
?? _commit2.log
?? _commit2.mjs

